<?xml version="1.0" encoding="UTF-8"?>
<testsuites name="jest tests" tests="49" failures="0" errors="0" time="2.035">
  <testsuite name="tests/upload.test.js" errors="0" failures="0" skipped="0" timestamp="2024-12-18T18:30:47" time="1.349" tests="7">
    <testcase classname="Upload Routes › POST /upload/image" name="should upload an image successfully" time="0.093">
    </testcase>
    <testcase classname="Upload Routes › POST /upload/image" name="should return 400 if no image is provided" time="0.06">
    </testcase>
    <testcase classname="Upload Routes › POST /upload/image" name="should return 401 if user is not logged in" time="0.143">
    </testcase>
    <testcase classname="Upload Routes › POST /upload/avatar" name="should upload an avatar successfully" time="0.114">
    </testcase>
    <testcase classname="Upload Routes › POST /upload/avatar" name="should return 400 if no avatar is provided" time="0.06">
    </testcase>
    <testcase classname="Upload Routes › POST /upload/avatar" name="should return 401 if user is not logged in" time="0.059">
    </testcase>
    <testcase classname="Upload Routes › POST /upload/avatar" name="should update existing profile with new avatar" time="0.066">
    </testcase>
  </testsuite>
  <testsuite name="tests/article.test.js" errors="0" failures="0" skipped="0" timestamp="2024-12-18T18:30:47" time="1.59" tests="9">
    <testcase classname="Article Routes › GET /articles" name="should get articles with pagination" time="0.098">
    </testcase>
    <testcase classname="Article Routes › GET /articles" name="should get articles for user and following" time="0.251">
    </testcase>
    <testcase classname="Article Routes › GET /articles/:id" name="should get a single article" time="0.067">
    </testcase>
    <testcase classname="Article Routes › GET /articles/:id" name="should return 404 for non-existent article" time="0.06">
    </testcase>
    <testcase classname="Article Routes › POST /articles" name="should create a new article" time="0.064">
    </testcase>
    <testcase classname="Article Routes › PUT /articles/:id" name="should update an article" time="0.065">
    </testcase>
    <testcase classname="Article Routes › PUT /articles/:id" name="should not update article of different user" time="0.115">
    </testcase>
    <testcase classname="Article Routes › POST /articles/:id/comments" name="should add a comment to an article" time="0.062">
    </testcase>
    <testcase classname="Article Routes › POST /articles/:id/comments" name="should return 404 for non-existent article" time="0.059">
    </testcase>
  </testsuite>
  <testsuite name="tests/auth.test.js" errors="0" failures="0" skipped="0" timestamp="2024-12-18T18:30:47" time="1.72" tests="8">
    <testcase classname="Authentication Routes › POST /auth/register" name="should register a new user successfully" time="0.09">
    </testcase>
    <testcase classname="Authentication Routes › POST /auth/register" name="should not register user with existing username" time="0.059">
    </testcase>
    <testcase classname="Authentication Routes › POST /auth/login" name="should login successfully with correct credentials" time="0.247">
    </testcase>
    <testcase classname="Authentication Routes › POST /auth/login" name="should fail with incorrect password" time="0.115">
    </testcase>
    <testcase classname="Authentication Routes › POST /auth/login" name="should fail with non-existent username" time="0.059">
    </testcase>
    <testcase classname="Authentication Routes › PUT /auth/logout" name="should logout successfully" time="0.059">
    </testcase>
    <testcase classname="Authentication Routes › PUT /auth/password" name="should update password successfully" time="0.224">
    </testcase>
    <testcase classname="Authentication Routes › PUT /auth/password" name="should fail with incorrect old password" time="0.113">
    </testcase>
  </testsuite>
  <testsuite name="tests/profile.test.js" errors="0" failures="0" skipped="0" timestamp="2024-12-18T18:30:47" time="1.872" tests="16">
    <testcase classname="Profile Routes › GET /profiles/headline/:username?" name="should get own headline" time="0.079">
    </testcase>
    <testcase classname="Profile Routes › GET /profiles/headline/:username?" name="should get another user&apos;s headline" time="0.059">
    </testcase>
    <testcase classname="Profile Routes › PUT /profiles/headline" name="should update headline" time="0.215">
    </testcase>
    <testcase classname="Profile Routes › GET /profiles/email/:username?" name="should get own email" time="0.065">
    </testcase>
    <testcase classname="Profile Routes › GET /profiles/email/:username?" name="should get another user&apos;s email" time="0.06">
    </testcase>
    <testcase classname="Profile Routes › PUT /profiles/email" name="should update email" time="0.06">
    </testcase>
    <testcase classname="Profile Routes › GET /profiles/zipcode/:username?" name="should get own zipcode" time="0.06">
    </testcase>
    <testcase classname="Profile Routes › GET /profiles/zipcode/:username?" name="should get another user&apos;s zipcode" time="0.06">
    </testcase>
    <testcase classname="Profile Routes › PUT /profiles/zipcode" name="should update zipcode" time="0.06">
    </testcase>
    <testcase classname="Profile Routes › GET /profiles/phone/:username?" name="should get own phone" time="0.058">
    </testcase>
    <testcase classname="Profile Routes › GET /profiles/phone/:username?" name="should get another user&apos;s phone" time="0.057">
    </testcase>
    <testcase classname="Profile Routes › PUT /profiles/phone" name="should update phone" time="0.059">
    </testcase>
    <testcase classname="Profile Routes › GET /profiles/dob" name="should get own date of birth" time="0.057">
    </testcase>
    <testcase classname="Profile Routes › GET /profiles/avatar/:username?" name="should get own avatar" time="0.058">
    </testcase>
    <testcase classname="Profile Routes › GET /profiles/avatar/:username?" name="should get another user&apos;s avatar" time="0.057">
    </testcase>
    <testcase classname="Profile Routes › PUT /profiles/avatar" name="should update avatar" time="0.056">
    </testcase>
  </testsuite>
  <testsuite name="tests/following.test.js" errors="0" failures="0" skipped="0" timestamp="2024-12-18T18:30:47" time="1.942" tests="9">
    <testcase classname="Following Routes › GET /following/:user?" name="should get empty following list initially" time="0.137">
    </testcase>
    <testcase classname="Following Routes › GET /following/:user?" name="should get following list with followed users" time="0.239">
    </testcase>
    <testcase classname="Following Routes › GET /following/:user?" name="should get another user&apos;s following list" time="0.121">
    </testcase>
    <testcase classname="Following Routes › PUT /following/:username" name="should add user to following list" time="0.121">
    </testcase>
    <testcase classname="Following Routes › PUT /following/:username" name="should not add non-existent user" time="0.113">
    </testcase>
    <testcase classname="Following Routes › PUT /following/:username" name="should not add already followed user" time="0.117">
    </testcase>
    <testcase classname="Following Routes › DELETE /following/:username" name="should remove user from following list" time="0.116">
    </testcase>
    <testcase classname="Following Routes › DELETE /following/:username" name="should not remove non-existent user" time="0.114">
    </testcase>
    <testcase classname="Following Routes › DELETE /following/:username" name="should not remove user not in following list" time="0.115">
    </testcase>
  </testsuite>
</testsuites>