<?xml version="1.0" encoding="UTF-8" ?>
<testsuites disabled="0" errors="0" failures="0" tests="22" time="0.845">
 <testsuite name="Backend API Tests" timestamp="2024-12-08T18:49:27" hostname="localhost" time="0.606" errors="0" tests="9" skipped="0" disabled="0" failures="0">
  <testcase classname="Backend API Tests" name="should register a new user" time="0.085" />
  <testcase classname="Backend API Tests" name="should log in as the new user" time="0.056" />
  <testcase classname="Backend API Tests" name="should create a new article and verify it was added" time="0.003" />
  <testcase classname="Backend API Tests" name="should update the headline and verify the change" time="0.003" />
  <testcase classname="Backend API Tests" name="should log out the user" time="0.002" />
  <testcase classname="Backend API Tests" name="should not allow access to protected routes after logout" time="0.001" />
  <testcase classname="Backend API Tests" name="should retrieve an article by PID" time="0.056" />
  <testcase classname="Backend API Tests" name="should return 404 when requesting a non-existent article PID" time="0.001" />
  <testcase classname="Backend API Tests" name="should add a comment to an article" time="0.055" />
 </testsuite>
 <testsuite name="New Sample Test Suite" timestamp="2024-12-08T18:49:27" hostname="localhost" time="0" errors="0" tests="1" skipped="0" disabled="0" failures="0">
  <testcase classname="New Sample Test Suite" name="should pass another simple test" time="0" />
 </testsuite>
 <testsuite name="Profile API Tests" timestamp="2024-12-08T18:49:27" hostname="localhost" time="0.239" errors="0" tests="11" skipped="0" disabled="0" failures="0">
  <testcase classname="Profile API Tests" name="should get the profile headline" time="0.002" />
  <testcase classname="Profile API Tests" name="should update the profile headline" time="0.002" />
  <testcase classname="Profile API Tests" name="should get the email address" time="0.001" />
  <testcase classname="Profile API Tests" name="should update the email address" time="0.002" />
  <testcase classname="Profile API Tests" name="should get the zipcode" time="0.001" />
  <testcase classname="Profile API Tests" name="should update the zipcode" time="0.001" />
  <testcase classname="Profile API Tests" name="should get the phone number" time="0.001" />
  <testcase classname="Profile API Tests" name="should update the phone number" time="0.002" />
  <testcase classname="Profile API Tests" name="should get the date of birth" time="0.001" />
  <testcase classname="Profile API Tests" name="should get the avatar" time="0.001" />
  <testcase classname="Profile API Tests" name="should update the avatar" time="0.001" />
 </testsuite>
 <testsuite name="Sample Test Suite" timestamp="2024-12-08T18:49:27" hostname="localhost" time="0" errors="0" tests="1" skipped="0" disabled="0" failures="0">
  <testcase classname="Sample Test Suite" name="should pass a simple test" time="0" />
 </testsuite>
</testsuites>